---
source: crates/cc-lb-admin/tests/snapshot_admin_shapes.rs
expression: serde_json::to_string_pretty(&json).unwrap()
---
{
  "input_tokens": 3,
  "input_tokens_per_window": 456,
  "output_tokens": 4,
  "output_tokens_per_window": 789,
  "requests": 2,
  "requests_per_window": 123,
  "window_secs": 3600,
  "window_start": 0
}
