---
source: crates/cc-lb-admin/tests/snapshot_audit_query.rs
expression: "serde_json::to_string_pretty(&json).unwrap()"
---
{
  "entries": [
    {
      "actor": null,
      "admin_action": null,
      "agent_label": null,
      "api_key_id": null,
      "cost_usd_micros": null,
      "duration_ms": 100,
      "input_tokens": 10,
      "limit_violation": null,
      "model": null,
      "output_tokens": 10,
      "principal_id": "alice",
      "request_id": "req_1",
      "route": "test",
      "status": 200,
      "ts": 1000,
      "upstream": "test"
    }
  ]
}
