---
source: crates/cc-lb-admin/tests/snapshot_admin_shapes.rs
assertion_line: 128
expression: "serde_json::to_string_pretty(&json).unwrap()"
---
{
  "identities": [
    {
      "account_observed": true,
      "identity_kind": "principal",
      "identity_value": null,
      "windows": [
        {
          "snapshots": [
            {
              "kind": "requests",
              "limit": 123,
              "observed": false,
              "observed_at_unix_secs": 0,
              "remaining": 123,
              "reset": "1970-01-01T00:00:00Z",
              "stored_at_unix_secs": 0
            },
            {
              "kind": "input_tokens",
              "limit": 456,
              "observed": false,
              "observed_at_unix_secs": 0,
              "remaining": 456,
              "reset": "1970-01-01T00:00:00Z",
              "stored_at_unix_secs": 0
            },
            {
              "kind": "output_tokens",
              "limit": 789,
              "observed": false,
              "observed_at_unix_secs": 0,
              "remaining": 789,
              "reset": "1970-01-01T00:00:00Z",
              "stored_at_unix_secs": 0
            }
          ],
          "window": "1h"
        }
      ]
    }
  ],
  "observed": false,
  "principal_id": "alice"
}
