---
source: crates/cc-lb-core/tests/snapshot_error_responses.rs
expression: "serde_json::to_string_pretty(&snapshots).unwrap()"
---
[
  {
    "body": {
      "error": {
        "message": "authentication failed",
        "type": "authentication_error"
      },
      "type": "error"
    },
    "headers": {
      "content-type": "application/json; charset=utf-8",
      "retry-after": null
    },
    "reason": "Unauthorized",
    "status": 401
  },
  {
    "body": {
      "error": {
        "message": "the requested model is not allowed for this principal",
        "type": "model_not_allowed"
      },
      "type": "error"
    },
    "headers": {
      "content-type": "application/json; charset=utf-8",
      "retry-after": null
    },
    "reason": "Forbidden",
    "status": 403
  },
  {
    "body": {
      "error": {
        "message": "request body exceeds configured cap",
        "type": "body_too_large"
      },
      "type": "error"
    },
    "headers": {
      "content-type": "application/json; charset=utf-8",
      "retry-after": null
    },
    "reason": "Payload Too Large",
    "status": 413
  },
  {
    "body": {
      "error": {
        "message": "request quota exhausted",
        "type": "rate_limit_error"
      },
      "type": "error"
    },
    "headers": {
      "content-type": "application/json; charset=utf-8",
      "retry-after": "42"
    },
    "reason": "Too Many Requests",
    "status": 429
  },
  {
    "body": {
      "error": {
        "message": "upstream request failed",
        "type": "api_error"
      },
      "type": "error"
    },
    "headers": {
      "content-type": "application/json; charset=utf-8",
      "retry-after": null
    },
    "reason": "Bad Gateway",
    "status": 502
  },
  {
    "body": {
      "error": {
        "message": "upstream bulkhead queue is full",
        "type": "overloaded_error"
      },
      "type": "error"
    },
    "headers": {
      "content-type": "application/json; charset=utf-8",
      "retry-after": "1"
    },
    "reason": "Service Unavailable",
    "status": 503
  },
  {
    "body": {
      "error": {
        "message": "request timed out",
        "type": "api_error"
      },
      "type": "error"
    },
    "headers": {
      "content-type": "application/json; charset=utf-8",
      "retry-after": null
    },
    "reason": "Gateway Timeout",
    "status": 504
  }
]
