---
source: tests/integration/t4/parity_characterization.rs
expression: "GoldenSnapshot\n{\n    fixed_clock_unix_secs: FIXED_UNIX_SECS, observations, request_events:\n    normalized_events, audit_rows: normalized_audits, subscription_quota_rows:\n    normalized_quotas, fixed_clock_values: FixedClockValues\n    {\n        audit_ts: FIXED_UNIX_SECS, subscription_quota_observed_at_unix_millis:\n        FIXED_UNIX_SECS * 1_000, subscription_quota_ingested_at_unix_millis:\n        FIXED_UNIX_SECS * 1_000,\n    },\n}"
---
{
  "fixed_clock_unix_secs": 1700000000,
  "observations": [
    {
      "label": "non-stream messages 200",
      "status": 200,
      "stable_headers": {
        "anthropic-organization-id": "org_test",
        "anthropic-ratelimit-requests-remaining": "999",
        "anthropic-ratelimit-tokens-remaining": "999000",
        "content-length": "284",
        "content-type": "application/json",
        "request-id": "golden-01-non-stream"
      },
      "body_utf8": "{\"content\":[{\"text\":\"fake anthropic fixture response HELLO\",\"type\":\"text\"}],\"id\":\"msg_fake_000000000000000000000000\",\"model\":\"claude-3-5-sonnet-20241022\",\"role\":\"assistant\",\"stop_reason\":\"end_turn\",\"stop_sequence\":null,\"type\":\"message\",\"usage\":{\"input_tokens\":100,\"output_tokens\":50}}",
      "body_bytes": [
        123,
        34,
        99,
        111,
        110,
        116,
        101,
        110,
        116,
        34,
        58,
        91,
        123,
        34,
        116,
        101,
        120,
        116,
        34,
        58,
        34,
        102,
        97,
        107,
        101,
        32,
        97,
        110,
        116,
        104,
        114,
        111,
        112,
        105,
        99,
        32,
        102,
        105,
        120,
        116,
        117,
        114,
        101,
        32,
        114,
        101,
        115,
        112,
        111,
        110,
        115,
        101,
        32,
        72,
        69,
        76,
        76,
        79,
        34,
        44,
        34,
        116,
        121,
        112,
        101,
        34,
        58,
        34,
        116,
        101,
        120,
        116,
        34,
        125,
        93,
        44,
        34,
        105,
        100,
        34,
        58,
        34,
        109,
        115,
        103,
        95,
        102,
        97,
        107,
        101,
        95,
        48,
        48,
        48,
        48,
        48,
        48,
        48,
        48,
        48,
        48,
        48,
        48,
        48,
        48,
        48,
        48,
        48,
        48,
        48,
        48,
        48,
        48,
        48,
        48,
        34,
        44,
        34,
        109,
        111,
        100,
        101,
        108,
        34,
        58,
        34,
        99,
        108,
        97,
        117,
        100,
        101,
        45,
        51,
        45,
        53,
        45,
        115,
        111,
        110,
        110,
        101,
        116,
        45,
        50,
        48,
        50,
        52,
        49,
        48,
        50,
        50,
        34,
        44,
        34,
        114,
        111,
        108,
        101,
        34,
        58,
        34,
        97,
        115,
        115,
        105,
        115,
        116,
        97,
        110,
        116,
        34,
        44,
        34,
        115,
        116,
        111,
        112,
        95,
        114,
        101,
        97,
        115,
        111,
        110,
        34,
        58,
        34,
        101,
        110,
        100,
        95,
        116,
        117,
        114,
        110,
        34,
        44,
        34,
        115,
        116,
        111,
        112,
        95,
        115,
        101,
        113,
        117,
        101,
        110,
        99,
        101,
        34,
        58,
        110,
        117,
        108,
        108,
        44,
        34,
        116,
        121,
        112,
        101,
        34,
        58,
        34,
        109,
        101,
        115,
        115,
        97,
        103,
        101,
        34,
        44,
        34,
        117,
        115,
        97,
        103,
        101,
        34,
        58,
        123,
        34,
        105,
        110,
        112,
        117,
        116,
        95,
        116,
        111,
        107,
        101,
        110,
        115,
        34,
        58,
        49,
        48,
        48,
        44,
        34,
        111,
        117,
        116,
        112,
        117,
        116,
        95,
        116,
        111,
        107,
        101,
        110,
        115,
        34,
        58,
        53,
        48,
        125,
        125
      ]
    },
    {
      "label": "stream messages exact SSE body/order",
      "status": 200,
      "stable_headers": {
        "anthropic-organization-id": "org_test",
        "anthropic-ratelimit-requests-remaining": "999",
        "anthropic-ratelimit-tokens-remaining": "999000",
        "content-type": "text/event-stream",
        "request-id": "golden-02-stream",
        "transfer-encoding": "chunked"
      },
      "body_utf8": "event: message_start\ndata: {\"message\":{\"content\":[],\"id\":\"msg_fake_000000000000000000000000\",\"model\":\"claude-3-5-sonnet-20241022\",\"role\":\"assistant\",\"stop_reason\":null,\"stop_sequence\":null,\"type\":\"message\",\"usage\":{\"input_tokens\":100,\"output_tokens\":0}},\"type\":\"message_start\"}\n\nevent: content_block_start\ndata: {\"content_block\":{\"text\":\"\",\"type\":\"text\"},\"index\":0,\"type\":\"content_block_start\"}\n\nevent: content_block_delta\ndata: {\"delta\":{\"text\":\"fake anthropic fixture response HELLO \",\"type\":\"text_delta\"},\"index\":0,\"type\":\"content_block_delta\"}\n\nevent: content_block_stop\ndata: {\"index\":0,\"type\":\"content_block_stop\"}\n\nevent: message_delta\ndata: {\"delta\":{\"stop_reason\":\"end_turn\",\"stop_sequence\":null},\"type\":\"message_delta\",\"usage\":{\"input_tokens\":100,\"output_tokens\":50}}\n\nevent: message_stop\ndata: {\"type\":\"message_stop\"}\n\n",
      "body_bytes": [
        101,
        118,
        101,
        110,
        116,
        58,
        32,
        109,
        101,
        115,
        115,
        97,
        103,
        101,
        95,
        115,
        116,
        97,
        114,
        116,
        10,
        100,
        97,
        116,
        97,
        58,
        32,
        123,
        34,
        109,
        101,
        115,
        115,
        97,
        103,
        101,
        34,
        58,
        123,
        34,
        99,
        111,
        110,
        116,
        101,
        110,
        116,
        34,
        58,
        91,
        93,
        44,
        34,
        105,
        100,
        34,
        58,
        34,
        109,
        115,
        103,
        95,
        102,
        97,
        107,
        101,
        95,
        48,
        48,
        48,
        48,
        48,
        48,
        48,
        48,
        48,
        48,
        48,
        48,
        48,
        48,
        48,
        48,
        48,
        48,
        48,
        48,
        48,
        48,
        48,
        48,
        34,
        44,
        34,
        109,
        111,
        100,
        101,
        108,
        34,
        58,
        34,
        99,
        108,
        97,
        117,
        100,
        101,
        45,
        51,
        45,
        53,
        45,
        115,
        111,
        110,
        110,
        101,
        116,
        45,
        50,
        48,
        50,
        52,
        49,
        48,
        50,
        50,
        34,
        44,
        34,
        114,
        111,
        108,
        101,
        34,
        58,
        34,
        97,
        115,
        115,
        105,
        115,
        116,
        97,
        110,
        116,
        34,
        44,
        34,
        115,
        116,
        111,
        112,
        95,
        114,
        101,
        97,
        115,
        111,
        110,
        34,
        58,
        110,
        117,
        108,
        108,
        44,
        34,
        115,
        116,
        111,
        112,
        95,
        115,
        101,
        113,
        117,
        101,
        110,
        99,
        101,
        34,
        58,
        110,
        117,
        108,
        108,
        44,
        34,
        116,
        121,
        112,
        101,
        34,
        58,
        34,
        109,
        101,
        115,
        115,
        97,
        103,
        101,
        34,
        44,
        34,
        117,
        115,
        97,
        103,
        101,
        34,
        58,
        123,
        34,
        105,
        110,
        112,
        117,
        116,
        95,
        116,
        111,
        107,
        101,
        110,
        115,
        34,
        58,
        49,
        48,
        48,
        44,
        34,
        111,
        117,
        116,
        112,
        117,
        116,
        95,
        116,
        111,
        107,
        101,
        110,
        115,
        34,
        58,
        48,
        125,
        125,
        44,
        34,
        116,
        121,
        112,
        101,
        34,
        58,
        34,
        109,
        101,
        115,
        115,
        97,
        103,
        101,
        95,
        115,
        116,
        97,
        114,
        116,
        34,
        125,
        10,
        10,
        101,
        118,
        101,
        110,
        116,
        58,
        32,
        99,
        111,
        110,
        116,
        101,
        110,
        116,
        95,
        98,
        108,
        111,
        99,
        107,
        95,
        115,
        116,
        97,
        114,
        116,
        10,
        100,
        97,
        116,
        97,
        58,
        32,
        123,
        34,
        99,
        111,
        110,
        116,
        101,
        110,
        116,
        95,
        98,
        108,
        111,
        99,
        107,
        34,
        58,
        123,
        34,
        116,
        101,
        120,
        116,
        34,
        58,
        34,
        34,
        44,
        34,
        116,
        121,
        112,
        101,
        34,
        58,
        34,
        116,
        101,
        120,
        116,
        34,
        125,
        44,
        34,
        105,
        110,
        100,
        101,
        120,
        34,
        58,
        48,
        44,
        34,
        116,
        121,
        112,
        101,
        34,
        58,
        34,
        99,
        111,
        110,
        116,
        101,
        110,
        116,
        95,
        98,
        108,
        111,
        99,
        107,
        95,
        115,
        116,
        97,
        114,
        116,
        34,
        125,
        10,
        10,
        101,
        118,
        101,
        110,
        116,
        58,
        32,
        99,
        111,
        110,
        116,
        101,
        110,
        116,
        95,
        98,
        108,
        111,
        99,
        107,
        95,
        100,
        101,
        108,
        116,
        97,
        10,
        100,
        97,
        116,
        97,
        58,
        32,
        123,
        34,
        100,
        101,
        108,
        116,
        97,
        34,
        58,
        123,
        34,
        116,
        101,
        120,
        116,
        34,
        58,
        34,
        102,
        97,
        107,
        101,
        32,
        97,
        110,
        116,
        104,
        114,
        111,
        112,
        105,
        99,
        32,
        102,
        105,
        120,
        116,
        117,
        114,
        101,
        32,
        114,
        101,
        115,
        112,
        111,
        110,
        115,
        101,
        32,
        72,
        69,
        76,
        76,
        79,
        32,
        34,
        44,
        34,
        116,
        121,
        112,
        101,
        34,
        58,
        34,
        116,
        101,
        120,
        116,
        95,
        100,
        101,
        108,
        116,
        97,
        34,
        125,
        44,
        34,
        105,
        110,
        100,
        101,
        120,
        34,
        58,
        48,
        44,
        34,
        116,
        121,
        112,
        101,
        34,
        58,
        34,
        99,
        111,
        110,
        116,
        101,
        110,
        116,
        95,
        98,
        108,
        111,
        99,
        107,
        95,
        100,
        101,
        108,
        116,
        97,
        34,
        125,
        10,
        10,
        101,
        118,
        101,
        110,
        116,
        58,
        32,
        99,
        111,
        110,
        116,
        101,
        110,
        116,
        95,
        98,
        108,
        111,
        99,
        107,
        95,
        115,
        116,
        111,
        112,
        10,
        100,
        97,
        116,
        97,
        58,
        32,
        123,
        34,
        105,
        110,
        100,
        101,
        120,
        34,
        58,
        48,
        44,
        34,
        116,
        121,
        112,
        101,
        34,
        58,
        34,
        99,
        111,
        110,
        116,
        101,
        110,
        116,
        95,
        98,
        108,
        111,
        99,
        107,
        95,
        115,
        116,
        111,
        112,
        34,
        125,
        10,
        10,
        101,
        118,
        101,
        110,
        116,
        58,
        32,
        109,
        101,
        115,
        115,
        97,
        103,
        101,
        95,
        100,
        101,
        108,
        116,
        97,
        10,
        100,
        97,
        116,
        97,
        58,
        32,
        123,
        34,
        100,
        101,
        108,
        116,
        97,
        34,
        58,
        123,
        34,
        115,
        116,
        111,
        112,
        95,
        114,
        101,
        97,
        115,
        111,
        110,
        34,
        58,
        34,
        101,
        110,
        100,
        95,
        116,
        117,
        114,
        110,
        34,
        44,
        34,
        115,
        116,
        111,
        112,
        95,
        115,
        101,
        113,
        117,
        101,
        110,
        99,
        101,
        34,
        58,
        110,
        117,
        108,
        108,
        125,
        44,
        34,
        116,
        121,
        112,
        101,
        34,
        58,
        34,
        109,
        101,
        115,
        115,
        97,
        103,
        101,
        95,
        100,
        101,
        108,
        116,
        97,
        34,
        44,
        34,
        117,
        115,
        97,
        103,
        101,
        34,
        58,
        123,
        34,
        105,
        110,
        112,
        117,
        116,
        95,
        116,
        111,
        107,
        101,
        110,
        115,
        34,
        58,
        49,
        48,
        48,
        44,
        34,
        111,
        117,
        116,
        112,
        117,
        116,
        95,
        116,
        111,
        107,
        101,
        110,
        115,
        34,
        58,
        53,
        48,
        125,
        125,
        10,
        10,
        101,
        118,
        101,
        110,
        116,
        58,
        32,
        109,
        101,
        115,
        115,
        97,
        103,
        101,
        95,
        115,
        116,
        111,
        112,
        10,
        100,
        97,
        116,
        97,
        58,
        32,
        123,
        34,
        116,
        121,
        112,
        101,
        34,
        58,
        34,
        109,
        101,
        115,
        115,
        97,
        103,
        101,
        95,
        115,
        116,
        111,
        112,
        34,
        125,
        10,
        10
      ]
    },
    {
      "label": "count_tokens exact body",
      "status": 200,
      "stable_headers": {
        "anthropic-organization-id": "org_test",
        "anthropic-ratelimit-requests-remaining": "999",
        "anthropic-ratelimit-tokens-remaining": "999000",
        "content-length": "20",
        "content-type": "application/json",
        "request-id": "golden-03-count-tokens"
      },
      "body_utf8": "{\"input_tokens\":100}",
      "body_bytes": [
        123,
        34,
        105,
        110,
        112,
        117,
        116,
        95,
        116,
        111,
        107,
        101,
        110,
        115,
        34,
        58,
        49,
        48,
        48,
        125
      ]
    },
    {
      "label": "models exact body",
      "status": 200,
      "stable_headers": {
        "anthropic-organization-id": "org_test",
        "anthropic-ratelimit-requests-remaining": "999",
        "anthropic-ratelimit-tokens-remaining": "999000",
        "content-length": "594",
        "content-type": "application/json",
        "request-id": "golden-04-models"
      },
      "body_utf8": "{\"data\":[{\"created_at\":\"2026-05-20T00:00:00Z\",\"display_name\":\"claude-fable-5\",\"id\":\"claude-fable-5\",\"type\":\"model\"},{\"created_at\":\"2026-05-20T00:00:00Z\",\"display_name\":\"claude-3-5-sonnet-20241022\",\"id\":\"claude-3-5-sonnet-20241022\",\"type\":\"model\"},{\"created_at\":\"2026-05-20T00:00:00Z\",\"display_name\":\"claude-3-5-haiku-20241022\",\"id\":\"claude-3-5-haiku-20241022\",\"type\":\"model\"},{\"created_at\":\"2026-05-20T00:00:00Z\",\"display_name\":\"claude-3-opus-20240229\",\"id\":\"claude-3-opus-20240229\",\"type\":\"model\"}],\"first_id\":\"claude-fable-5\",\"has_more\":false,\"last_id\":\"claude-3-opus-20240229\",\"type\":\"list\"}",
      "body_bytes": [
        123,
        34,
        100,
        97,
        116,
        97,
        34,
        58,
        91,
        123,
        34,
        99,
        114,
        101,
        97,
        116,
        101,
        100,
        95,
        97,
        116,
        34,
        58,
        34,
        50,
        48,
        50,
        54,
        45,
        48,
        53,
        45,
        50,
        48,
        84,
        48,
        48,
        58,
        48,
        48,
        58,
        48,
        48,
        90,
        34,
        44,
        34,
        100,
        105,
        115,
        112,
        108,
        97,
        121,
        95,
        110,
        97,
        109,
        101,
        34,
        58,
        34,
        99,
        108,
        97,
        117,
        100,
        101,
        45,
        102,
        97,
        98,
        108,
        101,
        45,
        53,
        34,
        44,
        34,
        105,
        100,
        34,
        58,
        34,
        99,
        108,
        97,
        117,
        100,
        101,
        45,
        102,
        97,
        98,
        108,
        101,
        45,
        53,
        34,
        44,
        34,
        116,
        121,
        112,
        101,
        34,
        58,
        34,
        109,
        111,
        100,
        101,
        108,
        34,
        125,
        44,
        123,
        34,
        99,
        114,
        101,
        97,
        116,
        101,
        100,
        95,
        97,
        116,
        34,
        58,
        34,
        50,
        48,
        50,
        54,
        45,
        48,
        53,
        45,
        50,
        48,
        84,
        48,
        48,
        58,
        48,
        48,
        58,
        48,
        48,
        90,
        34,
        44,
        34,
        100,
        105,
        115,
        112,
        108,
        97,
        121,
        95,
        110,
        97,
        109,
        101,
        34,
        58,
        34,
        99,
        108,
        97,
        117,
        100,
        101,
        45,
        51,
        45,
        53,
        45,
        115,
        111,
        110,
        110,
        101,
        116,
        45,
        50,
        48,
        50,
        52,
        49,
        48,
        50,
        50,
        34,
        44,
        34,
        105,
        100,
        34,
        58,
        34,
        99,
        108,
        97,
        117,
        100,
        101,
        45,
        51,
        45,
        53,
        45,
        115,
        111,
        110,
        110,
        101,
        116,
        45,
        50,
        48,
        50,
        52,
        49,
        48,
        50,
        50,
        34,
        44,
        34,
        116,
        121,
        112,
        101,
        34,
        58,
        34,
        109,
        111,
        100,
        101,
        108,
        34,
        125,
        44,
        123,
        34,
        99,
        114,
        101,
        97,
        116,
        101,
        100,
        95,
        97,
        116,
        34,
        58,
        34,
        50,
        48,
        50,
        54,
        45,
        48,
        53,
        45,
        50,
        48,
        84,
        48,
        48,
        58,
        48,
        48,
        58,
        48,
        48,
        90,
        34,
        44,
        34,
        100,
        105,
        115,
        112,
        108,
        97,
        121,
        95,
        110,
        97,
        109,
        101,
        34,
        58,
        34,
        99,
        108,
        97,
        117,
        100,
        101,
        45,
        51,
        45,
        53,
        45,
        104,
        97,
        105,
        107,
        117,
        45,
        50,
        48,
        50,
        52,
        49,
        48,
        50,
        50,
        34,
        44,
        34,
        105,
        100,
        34,
        58,
        34,
        99,
        108,
        97,
        117,
        100,
        101,
        45,
        51,
        45,
        53,
        45,
        104,
        97,
        105,
        107,
        117,
        45,
        50,
        48,
        50,
        52,
        49,
        48,
        50,
        50,
        34,
        44,
        34,
        116,
        121,
        112,
        101,
        34,
        58,
        34,
        109,
        111,
        100,
        101,
        108,
        34,
        125,
        44,
        123,
        34,
        99,
        114,
        101,
        97,
        116,
        101,
        100,
        95,
        97,
        116,
        34,
        58,
        34,
        50,
        48,
        50,
        54,
        45,
        48,
        53,
        45,
        50,
        48,
        84,
        48,
        48,
        58,
        48,
        48,
        58,
        48,
        48,
        90,
        34,
        44,
        34,
        100,
        105,
        115,
        112,
        108,
        97,
        121,
        95,
        110,
        97,
        109,
        101,
        34,
        58,
        34,
        99,
        108,
        97,
        117,
        100,
        101,
        45,
        51,
        45,
        111,
        112,
        117,
        115,
        45,
        50,
        48,
        50,
        52,
        48,
        50,
        50,
        57,
        34,
        44,
        34,
        105,
        100,
        34,
        58,
        34,
        99,
        108,
        97,
        117,
        100,
        101,
        45,
        51,
        45,
        111,
        112,
        117,
        115,
        45,
        50,
        48,
        50,
        52,
        48,
        50,
        50,
        57,
        34,
        44,
        34,
        116,
        121,
        112,
        101,
        34,
        58,
        34,
        109,
        111,
        100,
        101,
        108,
        34,
        125,
        93,
        44,
        34,
        102,
        105,
        114,
        115,
        116,
        95,
        105,
        100,
        34,
        58,
        34,
        99,
        108,
        97,
        117,
        100,
        101,
        45,
        102,
        97,
        98,
        108,
        101,
        45,
        53,
        34,
        44,
        34,
        104,
        97,
        115,
        95,
        109,
        111,
        114,
        101,
        34,
        58,
        102,
        97,
        108,
        115,
        101,
        44,
        34,
        108,
        97,
        115,
        116,
        95,
        105,
        100,
        34,
        58,
        34,
        99,
        108,
        97,
        117,
        100,
        101,
        45,
        51,
        45,
        111,
        112,
        117,
        115,
        45,
        50,
        48,
        50,
        52,
        48,
        50,
        50,
        57,
        34,
        44,
        34,
        116,
        121,
        112,
        101,
        34,
        58,
        34,
        108,
        105,
        115,
        116,
        34,
        125
      ]
    },
    {
      "label": "upstream 401 exact status/body",
      "status": 401,
      "stable_headers": {
        "anthropic-organization-id": "org_test",
        "anthropic-ratelimit-requests-remaining": "999",
        "anthropic-ratelimit-tokens-remaining": "999000",
        "content-length": "99",
        "content-type": "application/json",
        "request-id": "golden-05-upstream-401"
      },
      "body_utf8": "{\"error\":{\"message\":\"scripted upstream unauthorized\",\"type\":\"authentication_error\"},\"type\":\"error\"}",
      "body_bytes": [
        123,
        34,
        101,
        114,
        114,
        111,
        114,
        34,
        58,
        123,
        34,
        109,
        101,
        115,
        115,
        97,
        103,
        101,
        34,
        58,
        34,
        115,
        99,
        114,
        105,
        112,
        116,
        101,
        100,
        32,
        117,
        112,
        115,
        116,
        114,
        101,
        97,
        109,
        32,
        117,
        110,
        97,
        117,
        116,
        104,
        111,
        114,
        105,
        122,
        101,
        100,
        34,
        44,
        34,
        116,
        121,
        112,
        101,
        34,
        58,
        34,
        97,
        117,
        116,
        104,
        101,
        110,
        116,
        105,
        99,
        97,
        116,
        105,
        111,
        110,
        95,
        101,
        114,
        114,
        111,
        114,
        34,
        125,
        44,
        34,
        116,
        121,
        112,
        101,
        34,
        58,
        34,
        101,
        114,
        114,
        111,
        114,
        34,
        125
      ]
    },
    {
      "label": "upstream 429 unified quota headers",
      "status": 429,
      "stable_headers": {
        "anthropic-organization-id": "org_test",
        "anthropic-ratelimit-requests-remaining": "999",
        "anthropic-ratelimit-tokens-remaining": "999000",
        "anthropic-ratelimit-unified-5h-reset": "1800000000",
        "anthropic-ratelimit-unified-5h-status": "allowed_warning",
        "anthropic-ratelimit-unified-5h-utilization": "0.42",
        "content-length": "98",
        "content-type": "application/json",
        "request-id": "golden-06-upstream-429",
        "retry-after": "17"
      },
      "body_utf8": "{\"error\":{\"message\":\"scripted upstream quota rejection\",\"type\":\"rate_limit_error\"},\"type\":\"error\"}",
      "body_bytes": [
        123,
        34,
        101,
        114,
        114,
        111,
        114,
        34,
        58,
        123,
        34,
        109,
        101,
        115,
        115,
        97,
        103,
        101,
        34,
        58,
        34,
        115,
        99,
        114,
        105,
        112,
        116,
        101,
        100,
        32,
        117,
        112,
        115,
        116,
        114,
        101,
        97,
        109,
        32,
        113,
        117,
        111,
        116,
        97,
        32,
        114,
        101,
        106,
        101,
        99,
        116,
        105,
        111,
        110,
        34,
        44,
        34,
        116,
        121,
        112,
        101,
        34,
        58,
        34,
        114,
        97,
        116,
        101,
        95,
        108,
        105,
        109,
        105,
        116,
        95,
        101,
        114,
        114,
        111,
        114,
        34,
        125,
        44,
        34,
        116,
        121,
        112,
        101,
        34,
        58,
        34,
        101,
        114,
        114,
        111,
        114,
        34,
        125
      ]
    },
    {
      "label": "local request-limit rejection",
      "status": 429,
      "stable_headers": {
        "anthropic-ratelimit-requests-remaining": "0",
        "content-length": "142",
        "content-type": "application/json; charset=utf-8",
        "request-id": "golden-07-local-limit",
        "retry-after": "60"
      },
      "body_utf8": "{\"error\":{\"limit_kind\":\"requests\",\"message\":\"requests/window cap exceeded\",\"retry_after_seconds\":60,\"type\":\"rate_limit_error\"},\"type\":\"error\"}",
      "body_bytes": [
        123,
        34,
        101,
        114,
        114,
        111,
        114,
        34,
        58,
        123,
        34,
        108,
        105,
        109,
        105,
        116,
        95,
        107,
        105,
        110,
        100,
        34,
        58,
        34,
        114,
        101,
        113,
        117,
        101,
        115,
        116,
        115,
        34,
        44,
        34,
        109,
        101,
        115,
        115,
        97,
        103,
        101,
        34,
        58,
        34,
        114,
        101,
        113,
        117,
        101,
        115,
        116,
        115,
        47,
        119,
        105,
        110,
        100,
        111,
        119,
        32,
        99,
        97,
        112,
        32,
        101,
        120,
        99,
        101,
        101,
        100,
        101,
        100,
        34,
        44,
        34,
        114,
        101,
        116,
        114,
        121,
        95,
        97,
        102,
        116,
        101,
        114,
        95,
        115,
        101,
        99,
        111,
        110,
        100,
        115,
        34,
        58,
        54,
        48,
        44,
        34,
        116,
        121,
        112,
        101,
        34,
        58,
        34,
        114,
        97,
        116,
        101,
        95,
        108,
        105,
        109,
        105,
        116,
        95,
        101,
        114,
        114,
        111,
        114,
        34,
        125,
        44,
        34,
        116,
        121,
        112,
        101,
        34,
        58,
        34,
        101,
        114,
        114,
        111,
        114,
        34,
        125
      ]
    },
    {
      "label": "subscription-quota observation from 200 headers",
      "status": 200,
      "stable_headers": {
        "anthropic-organization-id": "org_test",
        "anthropic-ratelimit-requests-remaining": "999",
        "anthropic-ratelimit-tokens-remaining": "999000",
        "anthropic-ratelimit-unified-7d-reset": "1800001000",
        "anthropic-ratelimit-unified-7d-status": "allowed",
        "anthropic-ratelimit-unified-7d-utilization": "0.25",
        "content-length": "246",
        "content-type": "application/json",
        "request-id": "golden-08-quota-200"
      },
      "body_utf8": "{\"content\":[{\"text\":\"quota observed\",\"type\":\"text\"}],\"id\":\"msg_quota_observation\",\"model\":\"claude-3-5-sonnet-20241022\",\"role\":\"assistant\",\"stop_reason\":\"end_turn\",\"stop_sequence\":null,\"type\":\"message\",\"usage\":{\"input_tokens\":7,\"output_tokens\":2}}",
      "body_bytes": [
        123,
        34,
        99,
        111,
        110,
        116,
        101,
        110,
        116,
        34,
        58,
        91,
        123,
        34,
        116,
        101,
        120,
        116,
        34,
        58,
        34,
        113,
        117,
        111,
        116,
        97,
        32,
        111,
        98,
        115,
        101,
        114,
        118,
        101,
        100,
        34,
        44,
        34,
        116,
        121,
        112,
        101,
        34,
        58,
        34,
        116,
        101,
        120,
        116,
        34,
        125,
        93,
        44,
        34,
        105,
        100,
        34,
        58,
        34,
        109,
        115,
        103,
        95,
        113,
        117,
        111,
        116,
        97,
        95,
        111,
        98,
        115,
        101,
        114,
        118,
        97,
        116,
        105,
        111,
        110,
        34,
        44,
        34,
        109,
        111,
        100,
        101,
        108,
        34,
        58,
        34,
        99,
        108,
        97,
        117,
        100,
        101,
        45,
        51,
        45,
        53,
        45,
        115,
        111,
        110,
        110,
        101,
        116,
        45,
        50,
        48,
        50,
        52,
        49,
        48,
        50,
        50,
        34,
        44,
        34,
        114,
        111,
        108,
        101,
        34,
        58,
        34,
        97,
        115,
        115,
        105,
        115,
        116,
        97,
        110,
        116,
        34,
        44,
        34,
        115,
        116,
        111,
        112,
        95,
        114,
        101,
        97,
        115,
        111,
        110,
        34,
        58,
        34,
        101,
        110,
        100,
        95,
        116,
        117,
        114,
        110,
        34,
        44,
        34,
        115,
        116,
        111,
        112,
        95,
        115,
        101,
        113,
        117,
        101,
        110,
        99,
        101,
        34,
        58,
        110,
        117,
        108,
        108,
        44,
        34,
        116,
        121,
        112,
        101,
        34,
        58,
        34,
        109,
        101,
        115,
        115,
        97,
        103,
        101,
        34,
        44,
        34,
        117,
        115,
        97,
        103,
        101,
        34,
        58,
        123,
        34,
        105,
        110,
        112,
        117,
        116,
        95,
        116,
        111,
        107,
        101,
        110,
        115,
        34,
        58,
        55,
        44,
        34,
        111,
        117,
        116,
        112,
        117,
        116,
        95,
        116,
        111,
        107,
        101,
        110,
        115,
        34,
        58,
        50,
        125,
        125
      ]
    }
  ],
  "request_events": [
    {
      "auth_ms": "<monotonic-duration>",
      "body_bytes": 284,
      "body_chunk_count": 1,
      "bulkhead_wait_ms": "<monotonic-duration>",
      "cache_control_block_count": 0,
      "cache_count_lookup_ms": "<monotonic-duration>",
      "cache_creation_input_tokens": 0,
      "cache_read_input_tokens": 0,
      "cache_serialize_ms": "<monotonic-duration>",
      "cache_state": "none",
      "cache_structure_ms": "<monotonic-duration>",
      "cache_token_key_ms": "<monotonic-duration>",
      "cache_tokenize_ms": "<monotonic-duration>",
      "cache_tokenizer_queue_ms": "<monotonic-duration>",
      "connect_ms": "<monotonic-duration>",
      "connection_reused": false,
      "cost_cache_creation_1h_micros": 0,
      "cost_cache_creation_5m_micros": 0,
      "cost_cache_read_micros": 0,
      "cost_input_micros": 300,
      "cost_output_micros": 750,
      "cost_usd_micros": 1050,
      "dns_ms": "<monotonic-duration>",
      "duration_ms": "<monotonic-duration>",
      "error_code": null,
      "event_id": "<uuid>",
      "first_body_chunk_ms": "<monotonic-duration>",
      "input_tokens": 100,
      "inter_token_avg_ms": "<monotonic-duration>",
      "json_parse_ms": "<monotonic-duration>",
      "key_id": "<key-id>",
      "limit_reconcile_ms": "<monotonic-duration>",
      "limit_reserve_ms": "<monotonic-duration>",
      "message_count": 1,
      "message_index": 0,
      "model": "claude-3-5-sonnet-20241022",
      "observability_post_ms": "<monotonic-duration>",
      "output_tokens": 50,
      "predicted_cache_read_tokens": 0,
      "prepare_signer_ms": "<monotonic-duration>",
      "principal_id": "parity-regular",
      "principal_kind": "machine",
      "proxy_setup_ms": "<monotonic-duration>",
      "request_id": "golden-01-non-stream",
      "route_ms": "<monotonic-duration>",
      "routing_trace": {
        "stages": [
          {
            "duration_us": "<monotonic-duration>",
            "reason": "keep:no_subscription_candidates",
            "stage_name": "subscription-preference",
            "upstream_id": "<uuid>"
          }
        ],
        "terminal_decision": {
          "strategy": "first-pick",
          "upstream_id": "<uuid>"
        }
      },
      "shape_ms": "<monotonic-duration>",
      "sign_ms": "<monotonic-duration>",
      "source_kind": "proxy",
      "sse_event_count": 0,
      "status": 200,
      "stream_content_block_start_ms": "<monotonic-duration>",
      "stream_first_content_delta_ms": "<monotonic-duration>",
      "stream_last_chunk_ms": "<monotonic-duration>",
      "stream_last_content_delta_ms": "<monotonic-duration>",
      "stream_message_start_ms": "<monotonic-duration>",
      "stream_message_stop_ms": "<monotonic-duration>",
      "stream_total_ms": "<monotonic-duration>",
      "ts": 1700000000,
      "ts_ms": 1700000000000,
      "upstream": "anthropic_direct",
      "upstream_body_ms": "<monotonic-duration>",
      "upstream_id": "<uuid>",
      "upstream_name": "parity-fake-anthropic",
      "upstream_ttfb_ms": "<monotonic-duration>"
    },
    {
      "auth_ms": "<monotonic-duration>",
      "body_bytes": 830,
      "body_chunk_count": 6,
      "bulkhead_wait_ms": "<monotonic-duration>",
      "cache_control_block_count": 0,
      "cache_count_lookup_ms": "<monotonic-duration>",
      "cache_creation_input_tokens": 0,
      "cache_read_input_tokens": 0,
      "cache_serialize_ms": "<monotonic-duration>",
      "cache_state": "none",
      "cache_structure_ms": "<monotonic-duration>",
      "cache_token_key_ms": "<monotonic-duration>",
      "cache_tokenize_ms": "<monotonic-duration>",
      "cache_tokenizer_queue_ms": "<monotonic-duration>",
      "connect_ms": "<monotonic-duration>",
      "connection_reused": true,
      "content_delta_count": 1,
      "cost_cache_creation_1h_micros": 0,
      "cost_cache_creation_5m_micros": 0,
      "cost_cache_read_micros": 0,
      "cost_input_micros": 300,
      "cost_output_micros": 750,
      "cost_usd_micros": 1050,
      "dns_ms": "<monotonic-duration>",
      "duration_ms": "<monotonic-duration>",
      "error_code": null,
      "event_id": "<uuid>",
      "first_body_chunk_ms": "<monotonic-duration>",
      "input_tokens": 100,
      "inter_token_avg_ms": "<monotonic-duration>",
      "json_parse_ms": "<monotonic-duration>",
      "key_id": "<key-id>",
      "limit_reconcile_ms": "<monotonic-duration>",
      "limit_reserve_ms": "<monotonic-duration>",
      "message_count": 1,
      "message_index": 0,
      "model": "claude-3-5-sonnet-20241022",
      "observability_post_ms": "<monotonic-duration>",
      "output_tokens": 50,
      "ping_count": 0,
      "predicted_cache_read_tokens": 0,
      "prepare_signer_ms": "<monotonic-duration>",
      "principal_id": "parity-regular",
      "principal_kind": "machine",
      "proxy_setup_ms": "<monotonic-duration>",
      "request_id": "golden-02-stream",
      "route_ms": "<monotonic-duration>",
      "routing_trace": {
        "stages": [
          {
            "duration_us": "<monotonic-duration>",
            "reason": "keep:no_subscription_candidates",
            "stage_name": "subscription-preference",
            "upstream_id": "<uuid>"
          }
        ],
        "terminal_decision": {
          "strategy": "first-pick",
          "upstream_id": "<uuid>"
        }
      },
      "shape_ms": "<monotonic-duration>",
      "sign_ms": "<monotonic-duration>",
      "source_kind": "proxy",
      "sse_event_count": 6,
      "status": 200,
      "stream_content_block_start_ms": "<monotonic-duration>",
      "stream_first_content_delta_ms": "<monotonic-duration>",
      "stream_last_chunk_ms": "<monotonic-duration>",
      "stream_last_content_delta_ms": "<monotonic-duration>",
      "stream_message_start_ms": "<monotonic-duration>",
      "stream_message_stop_ms": "<monotonic-duration>",
      "stream_total_ms": "<monotonic-duration>",
      "ts": 1700000000,
      "ts_ms": 1700000000000,
      "upstream": "anthropic_direct",
      "upstream_body_ms": "<monotonic-duration>",
      "upstream_id": "<uuid>",
      "upstream_name": "parity-fake-anthropic",
      "upstream_ttfb_ms": "<monotonic-duration>"
    },
    {
      "auth_ms": "<monotonic-duration>",
      "body_bytes": 20,
      "body_chunk_count": 1,
      "bulkhead_wait_ms": "<monotonic-duration>",
      "cache_control_block_count": 0,
      "cache_count_lookup_ms": "<monotonic-duration>",
      "cache_creation_input_tokens": 0,
      "cache_read_input_tokens": 0,
      "cache_serialize_ms": "<monotonic-duration>",
      "cache_state": "none",
      "cache_structure_ms": "<monotonic-duration>",
      "cache_token_key_ms": "<monotonic-duration>",
      "cache_tokenize_ms": "<monotonic-duration>",
      "cache_tokenizer_queue_ms": "<monotonic-duration>",
      "connect_ms": "<monotonic-duration>",
      "connection_reused": true,
      "cost_cache_creation_1h_micros": 0,
      "cost_cache_creation_5m_micros": 0,
      "cost_cache_read_micros": 0,
      "cost_input_micros": 0,
      "cost_output_micros": 0,
      "cost_usd_micros": 0,
      "dns_ms": "<monotonic-duration>",
      "duration_ms": "<monotonic-duration>",
      "error_code": null,
      "event_id": "<uuid>",
      "first_body_chunk_ms": "<monotonic-duration>",
      "input_tokens": 0,
      "inter_token_avg_ms": "<monotonic-duration>",
      "json_parse_ms": "<monotonic-duration>",
      "key_id": "<key-id>",
      "limit_reconcile_ms": "<monotonic-duration>",
      "limit_reserve_ms": "<monotonic-duration>",
      "message_count": 1,
      "message_index": 0,
      "model": "claude-3-5-sonnet-20241022",
      "observability_post_ms": "<monotonic-duration>",
      "output_tokens": 0,
      "predicted_cache_read_tokens": 0,
      "prepare_signer_ms": "<monotonic-duration>",
      "principal_id": "parity-regular",
      "principal_kind": "machine",
      "proxy_setup_ms": "<monotonic-duration>",
      "request_id": "golden-03-count-tokens",
      "route_ms": "<monotonic-duration>",
      "routing_trace": {
        "stages": [
          {
            "duration_us": "<monotonic-duration>",
            "reason": "keep:no_subscription_candidates",
            "stage_name": "subscription-preference",
            "upstream_id": "<uuid>"
          }
        ],
        "terminal_decision": {
          "strategy": "first-pick",
          "upstream_id": "<uuid>"
        }
      },
      "shape_ms": "<monotonic-duration>",
      "sign_ms": "<monotonic-duration>",
      "source_kind": "proxy",
      "sse_event_count": 0,
      "status": 200,
      "stream_content_block_start_ms": "<monotonic-duration>",
      "stream_first_content_delta_ms": "<monotonic-duration>",
      "stream_last_chunk_ms": "<monotonic-duration>",
      "stream_last_content_delta_ms": "<monotonic-duration>",
      "stream_message_start_ms": "<monotonic-duration>",
      "stream_message_stop_ms": "<monotonic-duration>",
      "stream_total_ms": "<monotonic-duration>",
      "ts": 1700000000,
      "ts_ms": 1700000000000,
      "upstream": "anthropic_direct",
      "upstream_body_ms": "<monotonic-duration>",
      "upstream_id": "<uuid>",
      "upstream_name": "parity-fake-anthropic",
      "upstream_ttfb_ms": "<monotonic-duration>"
    },
    {
      "auth_ms": "<monotonic-duration>",
      "body_bytes": 594,
      "body_chunk_count": 1,
      "bulkhead_wait_ms": "<monotonic-duration>",
      "cache_count_lookup_ms": "<monotonic-duration>",
      "cache_creation_input_tokens": 0,
      "cache_read_input_tokens": 0,
      "cache_serialize_ms": "<monotonic-duration>",
      "cache_state": "none",
      "cache_structure_ms": "<monotonic-duration>",
      "cache_token_key_ms": "<monotonic-duration>",
      "cache_tokenize_ms": "<monotonic-duration>",
      "cache_tokenizer_queue_ms": "<monotonic-duration>",
      "connect_ms": "<monotonic-duration>",
      "connection_reused": true,
      "dns_ms": "<monotonic-duration>",
      "duration_ms": "<monotonic-duration>",
      "error_code": null,
      "event_id": "<uuid>",
      "first_body_chunk_ms": "<monotonic-duration>",
      "input_tokens": 0,
      "inter_token_avg_ms": "<monotonic-duration>",
      "json_parse_ms": "<monotonic-duration>",
      "key_id": "<key-id>",
      "limit_reconcile_ms": "<monotonic-duration>",
      "limit_reserve_ms": "<monotonic-duration>",
      "model": null,
      "observability_post_ms": "<monotonic-duration>",
      "output_tokens": 0,
      "predicted_cache_read_tokens": 0,
      "prepare_signer_ms": "<monotonic-duration>",
      "principal_id": "parity-regular",
      "principal_kind": "machine",
      "proxy_setup_ms": "<monotonic-duration>",
      "request_id": "golden-04-models",
      "route_ms": "<monotonic-duration>",
      "routing_trace": {
        "stages": [
          {
            "duration_us": "<monotonic-duration>",
            "reason": "keep:no_subscription_candidates",
            "stage_name": "subscription-preference",
            "upstream_id": "<uuid>"
          }
        ],
        "terminal_decision": {
          "strategy": "first-pick",
          "upstream_id": "<uuid>"
        }
      },
      "shape_ms": "<monotonic-duration>",
      "sign_ms": "<monotonic-duration>",
      "source_kind": "proxy",
      "sse_event_count": 0,
      "status": 200,
      "stream_content_block_start_ms": "<monotonic-duration>",
      "stream_first_content_delta_ms": "<monotonic-duration>",
      "stream_last_chunk_ms": "<monotonic-duration>",
      "stream_last_content_delta_ms": "<monotonic-duration>",
      "stream_message_start_ms": "<monotonic-duration>",
      "stream_message_stop_ms": "<monotonic-duration>",
      "stream_total_ms": "<monotonic-duration>",
      "ts": 1700000000,
      "ts_ms": 1700000000000,
      "upstream": "anthropic_direct",
      "upstream_body_ms": "<monotonic-duration>",
      "upstream_id": "<uuid>",
      "upstream_name": "parity-fake-anthropic",
      "upstream_ttfb_ms": "<monotonic-duration>"
    },
    {
      "auth_ms": "<monotonic-duration>",
      "bulkhead_wait_ms": "<monotonic-duration>",
      "cache_control_block_count": 0,
      "cache_count_lookup_ms": "<monotonic-duration>",
      "cache_serialize_ms": "<monotonic-duration>",
      "cache_state": "unknown",
      "cache_structure_ms": "<monotonic-duration>",
      "cache_token_key_ms": "<monotonic-duration>",
      "cache_tokenize_ms": "<monotonic-duration>",
      "cache_tokenizer_queue_ms": "<monotonic-duration>",
      "connect_ms": "<monotonic-duration>",
      "connection_reused": true,
      "dns_ms": "<monotonic-duration>",
      "duration_ms": "<monotonic-duration>",
      "error_code": "upstream_4xx",
      "event_id": "<uuid>",
      "first_body_chunk_ms": "<monotonic-duration>",
      "input_tokens": null,
      "inter_token_avg_ms": "<monotonic-duration>",
      "json_parse_ms": "<monotonic-duration>",
      "key_id": "<key-id>",
      "limit_reconcile_ms": "<monotonic-duration>",
      "limit_reserve_ms": "<monotonic-duration>",
      "message_count": 1,
      "message_index": 0,
      "model": "claude-3-5-sonnet-20241022",
      "observability_post_ms": "<monotonic-duration>",
      "output_tokens": null,
      "predicted_cache_read_tokens": 0,
      "prepare_signer_ms": "<monotonic-duration>",
      "principal_id": "parity-regular",
      "principal_kind": "machine",
      "proxy_setup_ms": "<monotonic-duration>",
      "request_id": "golden-05-upstream-401",
      "route_ms": "<monotonic-duration>",
      "routing_trace": {
        "stages": [
          {
            "duration_us": "<monotonic-duration>",
            "reason": "keep:no_subscription_candidates",
            "stage_name": "subscription-preference",
            "upstream_id": "<uuid>"
          }
        ],
        "terminal_decision": {
          "strategy": "first-pick",
          "upstream_id": "<uuid>"
        }
      },
      "shape_ms": "<monotonic-duration>",
      "sign_ms": "<monotonic-duration>",
      "source_kind": "proxy",
      "status": 401,
      "stream_content_block_start_ms": "<monotonic-duration>",
      "stream_first_content_delta_ms": "<monotonic-duration>",
      "stream_last_chunk_ms": "<monotonic-duration>",
      "stream_last_content_delta_ms": "<monotonic-duration>",
      "stream_message_start_ms": "<monotonic-duration>",
      "stream_message_stop_ms": "<monotonic-duration>",
      "stream_total_ms": "<monotonic-duration>",
      "ts": 1700000000,
      "ts_ms": 1700000000000,
      "upstream": "anthropic_direct",
      "upstream_body_ms": "<monotonic-duration>",
      "upstream_id": "<uuid>",
      "upstream_name": "parity-fake-anthropic",
      "upstream_ttfb_ms": "<monotonic-duration>"
    },
    {
      "auth_ms": "<monotonic-duration>",
      "body_bytes": 98,
      "body_chunk_count": 1,
      "bulkhead_wait_ms": "<monotonic-duration>",
      "cache_control_block_count": 0,
      "cache_count_lookup_ms": "<monotonic-duration>",
      "cache_creation_input_tokens": 0,
      "cache_read_input_tokens": 0,
      "cache_serialize_ms": "<monotonic-duration>",
      "cache_state": "none",
      "cache_structure_ms": "<monotonic-duration>",
      "cache_token_key_ms": "<monotonic-duration>",
      "cache_tokenize_ms": "<monotonic-duration>",
      "cache_tokenizer_queue_ms": "<monotonic-duration>",
      "connect_ms": "<monotonic-duration>",
      "connection_reused": true,
      "cost_cache_creation_1h_micros": 0,
      "cost_cache_creation_5m_micros": 0,
      "cost_cache_read_micros": 0,
      "cost_input_micros": 0,
      "cost_output_micros": 0,
      "cost_usd_micros": 0,
      "dns_ms": "<monotonic-duration>",
      "duration_ms": "<monotonic-duration>",
      "error_code": "upstream_4xx",
      "event_id": "<uuid>",
      "first_body_chunk_ms": "<monotonic-duration>",
      "input_tokens": 0,
      "inter_token_avg_ms": "<monotonic-duration>",
      "json_parse_ms": "<monotonic-duration>",
      "key_id": "<key-id>",
      "limit_reconcile_ms": "<monotonic-duration>",
      "limit_reserve_ms": "<monotonic-duration>",
      "message_count": 1,
      "message_index": 0,
      "model": "claude-3-5-sonnet-20241022",
      "observability_post_ms": "<monotonic-duration>",
      "output_tokens": 0,
      "predicted_cache_read_tokens": 0,
      "prepare_signer_ms": "<monotonic-duration>",
      "principal_id": "parity-regular",
      "principal_kind": "machine",
      "proxy_setup_ms": "<monotonic-duration>",
      "request_id": "golden-06-upstream-429",
      "route_ms": "<monotonic-duration>",
      "routing_trace": {
        "stages": [
          {
            "duration_us": "<monotonic-duration>",
            "reason": "keep:no_subscription_candidates",
            "stage_name": "subscription-preference",
            "upstream_id": "<uuid>"
          }
        ],
        "terminal_decision": {
          "strategy": "first-pick",
          "upstream_id": "<uuid>"
        }
      },
      "shape_ms": "<monotonic-duration>",
      "sign_ms": "<monotonic-duration>",
      "source_kind": "proxy",
      "sse_event_count": 0,
      "status": 429,
      "stream_content_block_start_ms": "<monotonic-duration>",
      "stream_first_content_delta_ms": "<monotonic-duration>",
      "stream_last_chunk_ms": "<monotonic-duration>",
      "stream_last_content_delta_ms": "<monotonic-duration>",
      "stream_message_start_ms": "<monotonic-duration>",
      "stream_message_stop_ms": "<monotonic-duration>",
      "stream_total_ms": "<monotonic-duration>",
      "ts": 1700000000,
      "ts_ms": 1700000000000,
      "upstream": "anthropic_direct",
      "upstream_body_ms": "<monotonic-duration>",
      "upstream_error_message": "scripted upstream quota rejection",
      "upstream_error_type": "rate_limit_error",
      "upstream_id": "<uuid>",
      "upstream_name": "parity-fake-anthropic",
      "upstream_ttfb_ms": "<monotonic-duration>"
    },
    {
      "auth_ms": "<monotonic-duration>",
      "body_bytes": 284,
      "body_chunk_count": 1,
      "bulkhead_wait_ms": "<monotonic-duration>",
      "cache_control_block_count": 0,
      "cache_count_lookup_ms": "<monotonic-duration>",
      "cache_creation_input_tokens": 0,
      "cache_read_input_tokens": 0,
      "cache_serialize_ms": "<monotonic-duration>",
      "cache_state": "none",
      "cache_structure_ms": "<monotonic-duration>",
      "cache_token_key_ms": "<monotonic-duration>",
      "cache_tokenize_ms": "<monotonic-duration>",
      "cache_tokenizer_queue_ms": "<monotonic-duration>",
      "connect_ms": "<monotonic-duration>",
      "connection_reused": true,
      "cost_cache_creation_1h_micros": 0,
      "cost_cache_creation_5m_micros": 0,
      "cost_cache_read_micros": 0,
      "cost_input_micros": 300,
      "cost_output_micros": 750,
      "cost_usd_micros": 1050,
      "dns_ms": "<monotonic-duration>",
      "duration_ms": "<monotonic-duration>",
      "error_code": null,
      "event_id": "<uuid>",
      "first_body_chunk_ms": "<monotonic-duration>",
      "input_tokens": 100,
      "inter_token_avg_ms": "<monotonic-duration>",
      "json_parse_ms": "<monotonic-duration>",
      "key_id": "<key-id>",
      "limit_reconcile_ms": "<monotonic-duration>",
      "limit_reserve_ms": "<monotonic-duration>",
      "message_count": 1,
      "message_index": 0,
      "model": "claude-3-5-sonnet-20241022",
      "observability_post_ms": "<monotonic-duration>",
      "output_tokens": 50,
      "predicted_cache_read_tokens": 0,
      "prepare_signer_ms": "<monotonic-duration>",
      "principal_id": "parity-limited",
      "principal_kind": "machine",
      "proxy_setup_ms": "<monotonic-duration>",
      "request_id": "golden-07-limit-prime",
      "route_ms": "<monotonic-duration>",
      "routing_trace": {
        "stages": [
          {
            "duration_us": "<monotonic-duration>",
            "reason": "keep:no_subscription_candidates",
            "stage_name": "subscription-preference",
            "upstream_id": "<uuid>"
          }
        ],
        "terminal_decision": {
          "strategy": "first-pick",
          "upstream_id": "<uuid>"
        }
      },
      "shape_ms": "<monotonic-duration>",
      "sign_ms": "<monotonic-duration>",
      "source_kind": "proxy",
      "sse_event_count": 0,
      "status": 200,
      "stream_content_block_start_ms": "<monotonic-duration>",
      "stream_first_content_delta_ms": "<monotonic-duration>",
      "stream_last_chunk_ms": "<monotonic-duration>",
      "stream_last_content_delta_ms": "<monotonic-duration>",
      "stream_message_start_ms": "<monotonic-duration>",
      "stream_message_stop_ms": "<monotonic-duration>",
      "stream_total_ms": "<monotonic-duration>",
      "ts": 1700000000,
      "ts_ms": 1700000000000,
      "upstream": "anthropic_direct",
      "upstream_body_ms": "<monotonic-duration>",
      "upstream_id": "<uuid>",
      "upstream_name": "parity-fake-anthropic",
      "upstream_ttfb_ms": "<monotonic-duration>"
    },
    {
      "auth_ms": "<monotonic-duration>",
      "bulkhead_wait_ms": "<monotonic-duration>",
      "cache_control_block_count": 0,
      "cache_count_lookup_ms": "<monotonic-duration>",
      "cache_serialize_ms": "<monotonic-duration>",
      "cache_structure_ms": "<monotonic-duration>",
      "cache_token_key_ms": "<monotonic-duration>",
      "cache_tokenize_ms": "<monotonic-duration>",
      "cache_tokenizer_queue_ms": "<monotonic-duration>",
      "connect_ms": "<monotonic-duration>",
      "dns_ms": "<monotonic-duration>",
      "duration_ms": "<monotonic-duration>",
      "error_code": "limit_rejected",
      "event_id": "<uuid>",
      "first_body_chunk_ms": "<monotonic-duration>",
      "input_tokens": null,
      "inter_token_avg_ms": "<monotonic-duration>",
      "json_parse_ms": "<monotonic-duration>",
      "key_id": "<key-id>",
      "limit_reconcile_ms": "<monotonic-duration>",
      "limit_reserve_ms": "<monotonic-duration>",
      "message_count": 1,
      "message_index": 0,
      "model": "claude-3-5-sonnet-20241022",
      "observability_post_ms": "<monotonic-duration>",
      "output_tokens": null,
      "predicted_cache_read_tokens": 0,
      "prepare_signer_ms": "<monotonic-duration>",
      "principal_id": "parity-limited",
      "principal_kind": "machine",
      "proxy_setup_ms": "<monotonic-duration>",
      "request_id": "golden-07-local-limit",
      "route_ms": "<monotonic-duration>",
      "routing_trace": {
        "stages": [
          {
            "duration_us": "<monotonic-duration>",
            "reason": "keep:no_subscription_candidates",
            "stage_name": "subscription-preference",
            "upstream_id": "<uuid>"
          }
        ],
        "terminal_decision": {
          "strategy": "first-pick",
          "upstream_id": "<uuid>"
        }
      },
      "shape_ms": "<monotonic-duration>",
      "sign_ms": "<monotonic-duration>",
      "source_kind": "proxy",
      "status": 429,
      "stream_content_block_start_ms": "<monotonic-duration>",
      "stream_first_content_delta_ms": "<monotonic-duration>",
      "stream_last_chunk_ms": "<monotonic-duration>",
      "stream_last_content_delta_ms": "<monotonic-duration>",
      "stream_message_start_ms": "<monotonic-duration>",
      "stream_message_stop_ms": "<monotonic-duration>",
      "stream_total_ms": "<monotonic-duration>",
      "ts": 1700000000,
      "ts_ms": 1700000000000,
      "upstream": "anthropic_direct",
      "upstream_body_ms": "<monotonic-duration>",
      "upstream_id": "<uuid>",
      "upstream_name": "parity-fake-anthropic",
      "upstream_ttfb_ms": "<monotonic-duration>"
    },
    {
      "auth_ms": "<monotonic-duration>",
      "body_bytes": 246,
      "body_chunk_count": 1,
      "bulkhead_wait_ms": "<monotonic-duration>",
      "cache_control_block_count": 0,
      "cache_count_lookup_ms": "<monotonic-duration>",
      "cache_creation_input_tokens": 0,
      "cache_read_input_tokens": 0,
      "cache_serialize_ms": "<monotonic-duration>",
      "cache_state": "none",
      "cache_structure_ms": "<monotonic-duration>",
      "cache_token_key_ms": "<monotonic-duration>",
      "cache_tokenize_ms": "<monotonic-duration>",
      "cache_tokenizer_queue_ms": "<monotonic-duration>",
      "connect_ms": "<monotonic-duration>",
      "connection_reused": true,
      "cost_cache_creation_1h_micros": 0,
      "cost_cache_creation_5m_micros": 0,
      "cost_cache_read_micros": 0,
      "cost_input_micros": 21,
      "cost_output_micros": 30,
      "cost_usd_micros": 51,
      "dns_ms": "<monotonic-duration>",
      "duration_ms": "<monotonic-duration>",
      "error_code": null,
      "event_id": "<uuid>",
      "first_body_chunk_ms": "<monotonic-duration>",
      "input_tokens": 7,
      "inter_token_avg_ms": "<monotonic-duration>",
      "json_parse_ms": "<monotonic-duration>",
      "key_id": "<key-id>",
      "limit_reconcile_ms": "<monotonic-duration>",
      "limit_reserve_ms": "<monotonic-duration>",
      "message_count": 1,
      "message_index": 0,
      "model": "claude-3-5-sonnet-20241022",
      "observability_post_ms": "<monotonic-duration>",
      "output_tokens": 2,
      "predicted_cache_read_tokens": 0,
      "prepare_signer_ms": "<monotonic-duration>",
      "principal_id": "parity-regular",
      "principal_kind": "machine",
      "proxy_setup_ms": "<monotonic-duration>",
      "request_id": "golden-08-quota-200",
      "route_ms": "<monotonic-duration>",
      "routing_trace": {
        "stages": [
          {
            "duration_us": "<monotonic-duration>",
            "reason": "keep:no_subscription_candidates",
            "stage_name": "subscription-preference",
            "upstream_id": "<uuid>"
          }
        ],
        "terminal_decision": {
          "strategy": "first-pick",
          "upstream_id": "<uuid>"
        }
      },
      "shape_ms": "<monotonic-duration>",
      "sign_ms": "<monotonic-duration>",
      "source_kind": "proxy",
      "sse_event_count": 0,
      "status": 200,
      "stream_content_block_start_ms": "<monotonic-duration>",
      "stream_first_content_delta_ms": "<monotonic-duration>",
      "stream_last_chunk_ms": "<monotonic-duration>",
      "stream_last_content_delta_ms": "<monotonic-duration>",
      "stream_message_start_ms": "<monotonic-duration>",
      "stream_message_stop_ms": "<monotonic-duration>",
      "stream_total_ms": "<monotonic-duration>",
      "ts": 1700000000,
      "ts_ms": 1700000000000,
      "upstream": "anthropic_direct",
      "upstream_body_ms": "<monotonic-duration>",
      "upstream_id": "<uuid>",
      "upstream_name": "parity-fake-anthropic",
      "upstream_ttfb_ms": "<monotonic-duration>"
    }
  ],
  "audit_rows": [
    {
      "actor": "system",
      "agent_label": null,
      "api_key_id": "<key-id>",
      "duration_ms": 0,
      "limit_violation": "Requests",
      "model": "claude-3-5-sonnet-20241022",
      "principal_id": "parity-limited",
      "request_id": "<uuid>",
      "route": "/v1/messages",
      "status": 429,
      "ts": 1700000000,
      "upstream": "anthropic_direct"
    }
  ],
  "subscription_quota_rows": [
    {
      "disabled_reason": null,
      "extra_usage_enabled": null,
      "extra_usage_monthly_limit": null,
      "extra_usage_used_credits": null,
      "fallback_available": null,
      "fallback_percentage": null,
      "ingested_at_unix_millis": 1700000000000,
      "observed_at_unix_millis": 1700000000000,
      "overage_in_use": null,
      "overage_period_monthly_utilization": null,
      "representative_claim": null,
      "resets_at_unix_secs": 1800000000,
      "sample_id": "<uuid>",
      "sample_kind": "sample",
      "source": "header",
      "status": "allowed_warning",
      "surpassed_threshold": null,
      "upgrade_paths": null,
      "upstream_id": "<uuid>",
      "utilization": 0.42,
      "window": "5h"
    },
    {
      "disabled_reason": null,
      "extra_usage_enabled": null,
      "extra_usage_monthly_limit": null,
      "extra_usage_used_credits": null,
      "fallback_available": null,
      "fallback_percentage": null,
      "ingested_at_unix_millis": 1700000000000,
      "observed_at_unix_millis": 1700000000000,
      "overage_in_use": null,
      "overage_period_monthly_utilization": null,
      "representative_claim": null,
      "resets_at_unix_secs": 1800001000,
      "sample_id": "<uuid>",
      "sample_kind": "sample",
      "source": "header",
      "status": "allowed",
      "surpassed_threshold": null,
      "upgrade_paths": null,
      "upstream_id": "<uuid>",
      "utilization": 0.25,
      "window": "7d"
    }
  ],
  "fixed_clock_values": {
    "audit_ts": 1700000000,
    "subscription_quota_observed_at_unix_millis": 1700000000000,
    "subscription_quota_ingested_at_unix_millis": 1700000000000
  }
}
